// Jest Snapshot v1, https://goo.gl/fbAQLP

exports[`Search snaphot test 1`] = `
<div>
  <nav
    className="navbar navbar-dark bg-dark"
  >
    <Link
      className="linkContainer"
      replace={false}
      to="/login"
    >
      <div
        className="link col-6"
      >
        Spotify React
      </div>
      <div
        className="link col-6"
      >
        <img
          alt="Brand Icon"
          className="App-logo"
          src="logo.svg"
        />
      </div>
    </Link>
    <span
      className="profileIcon"
      onClick={[Function]}
      role="presentation"
    >
      <MdPerson
        size={30}
      />
    </span>
    <span
      className="searchArtist"
      onClick={[Function]}
    >
      <MdSearch />
    </span>
    <Search
      isSearching={true}
      onIsSearching={[MockFunction]}
      onSearchTracksArtists={[MockFunction]}
      searchResult={Object {}}
    />
  </nav>
</div>
`;

exports[`shallow navbar 1`] = `
<div>
  <nav
    className="navbar navbar-dark bg-dark"
  >
    <Link
      className="linkContainer"
      replace={false}
      to="/login"
    >
      <div
        className="link col-6"
      >
        Spotify React
      </div>
      <div
        className="link col-6"
      >
        <img
          alt="Brand Icon"
          className="App-logo"
          src="logo.svg"
        />
      </div>
    </Link>
    <span
      className="profileIcon"
      onClick={[Function]}
      role="presentation"
    >
      <MdPerson
        size={30}
      />
    </span>
    <span
      className="searchArtist"
      onClick={[Function]}
    >
      <MdSearch />
    </span>
    <Search
      isSearching={true}
      onIsSearching={[MockFunction]}
      onSearchTracksArtists={[MockFunction]}
      searchResult={Object {}}
    />
  </nav>
</div>
`;
