// Jest Snapshot v1, https://goo.gl/fbAQLP

exports[`App snaphot test 1`] = `
<div
  computedMatch={
    Object {
      "isExact": true,
      "params": Object {},
      "path": "/",
      "url": "/",
    }
  }
  location={
    Object {
      "hash": "",
      "pathname": "/",
      "search": "",
      "state": undefined,
    }
  }
>
  <div>
    <div
      className="content"
    >
      <img
        alt=""
        className="imgUp"
        src="https://wallpapercave.com/wp/EYS4oYf.jpg"
      />
    </div>
    <div
      id="container"
    >
      <img
        alt=""
        className="imgDown"
        src="https://wallpapercave.com/wp/wp2130009.jpg"
      />
      <div
        className="pulse"
        onClick={[Function]}
      />
      <div
        className="dot"
      />
    </div>
  </div>
</div>
`;
