// Jest Snapshot v1, https://goo.gl/fbAQLP

exports[`UserInfo snaphot test 1`] = `
<div
  className="user-content"
>
  <h3>
    Welcome
  </h3>
  <h2>
    Lucas Rodrigues
  </h2>
  <div>
    <h5>
      That you are listen now?
    </h5>
    <div
      className="col-10 col-sm-4 col-lg-3 custom-card"
    >
      <div
        className="row"
      >
        <div
          className="col-5"
        >
          <img
            alt="card-name"
            className="card-img-top"
            src="https://i.scdn.co/image/d517611a9aef994460eb73e5d38d59149e6f3fef"
          />
        </div>
        <div
          className="col-7"
        >
          <div>
            <span>
              Device:
              LAPTOP-RB4MNQUG
            </span>
            <p>
              Type:
              Computer
            </p>
            <div
              className="row"
            >
              <div
                className="col-9"
              >
                <span>
                  Dark Clouds (feat. Jess Glynne & Chronixx)
                </span>
              </div>
            </div>
            <div
              className="row"
            >
              <div
                className="col-3"
              >
                <p
                  className="previous"
                  onClick={[Function]}
                >
                  <svg
                    fill="currentColor"
                    height="1em"
                    stroke="currentColor"
                    strokeWidth="0"
                    style={
                      Object {
                        "color": undefined,
                      }
                    }
                    viewBox="0 0 24 24"
                    width="1em"
                  >
                    <path
                      d="M6 6h2v12H6zm3.5 6l8.5 6V6z"
                    />
                  </svg>
                </p>
              </div>
              <div
                className="col-3"
              >
                <p>
                  <svg
                    fill="currentColor"
                    height="1em"
                    stroke="currentColor"
                    strokeWidth="0"
                    style={
                      Object {
                        "color": undefined,
                      }
                    }
                    viewBox="0 0 512 512"
                    width="1em"
                  >
                    <path
                      d="M256 8C119 8 8 119 8 256s111 248 248 248 248-111 248-248S393 8 256 8zm0 448c-110.5 0-200-89.5-200-200S145.5 56 256 56s200 89.5 200 200-89.5 200-200 200zm96-280v160c0 8.8-7.2 16-16 16h-48c-8.8 0-16-7.2-16-16V176c0-8.8 7.2-16 16-16h48c8.8 0 16 7.2 16 16zm-112 0v160c0 8.8-7.2 16-16 16h-48c-8.8 0-16-7.2-16-16V176c0-8.8 7.2-16 16-16h48c8.8 0 16 7.2 16 16z"
                    />
                  </svg>
                </p>
              </div>
              <div
                className="col-3"
              >
                <p
                  className="next"
                  onClick={[Function]}
                >
                  <svg
                    fill="currentColor"
                    height="1em"
                    stroke="currentColor"
                    strokeWidth="0"
                    style={
                      Object {
                        "color": undefined,
                      }
                    }
                    viewBox="0 0 24 24"
                    width="1em"
                  >
                    <path
                      d="M6 18l8.5-6L6 6v12zM16 6v12h2V6h-2z"
                    />
                  </svg>
                </p>
              </div>
            </div>
            <span>
              <div>
                <div
                  className="stars-outer"
                >
                  <div
                    className="stars-inner"
                    style={
                      Object {
                        "width": "62%",
                      }
                    }
                  />
                </div>
              </div>
            </span>
          </div>
        </div>
      </div>
    </div>
  </div>
</div>
`;
